[micro.stanford.edu/_caiwei/Forum/index.html]
[backblue.gif]
[fade.gif]
[index.html]
[micro.stanford.edu/_caiwei/Forum/2004-08-08-MadSum/index.html]
[micro.stanford.edu/_caiwei/papers/Cai01prl-image.pdf]
[micro.stanford.edu/_caiwei/papers/Cai03pm-image.pdf]
[micro.stanford.edu/_caiwei/Forum/2004-12-12-MD++/index.html]
[micro.stanford.edu/_caiwei/papers/Cai06jmps-nonsingular.pdf]
[micro.stanford.edu/_caiwei/Forum/2005-04-18-NSDD/index.html]
[micro.stanford.edu/_caiwei/Forum/2005-12-05-DDLab/index.html]
[micro.stanford.edu/_caiwei/Forum/2006-05-03-VarCalc/index.html]
[micro.stanford.edu/_caiwei/papers/Ryu_Cai_Caro_Entangle_v11.pdf]
[micro.stanford.edu/_caiwei/Forum/2008-07-18-Entangle/index.html]
[micro.stanford.edu/_caiwei/papers/Ryu08msmse-meltingT.pdf]
[micro.stanford.edu/_caiwei/papers/Yin10msmse-aniso.pdf]
[micro.stanford.edu/_caiwei/Forum/2010-04-12-Aniso/index.html]
[micro.stanford.edu/_caiwei/papers/Yin_FMM_MSMSE_preprint.pdf]
[micro.stanford.edu/_caiwei/Forum/2012-04-03-Multipole/index.html]
[micro.stanford.edu/_caiwei/Forum/2018-02-09-Eshelby-Tensor/index.html]
[micro.stanford.edu/_caiwei/Forum/index.html]
[micro.stanford.edu/_caiwei/Forum/2004-08-08-MadSum/readme.txt]
[micro.stanford.edu/_caiwei/Forum/2004-08-08-MadSum/madsum.pdf]
[micro.stanford.edu/_caiwei/Forum/2004-08-08-MadSum/madsum.ps.gz]
[micro.stanford.edu/_caiwei/Forum/2004-08-08-MadSum/phRI.dat]
[micro.stanford.edu/_caiwei/Forum/2004-08-08-MadSum/index.html]
[micro.stanford.edu/_caiwei/Forum/2004-12-12-MD++/index.html]
[micro.stanford.edu/icons/blank.gif]
[micro.stanford.edu/icons/back.gif]
[micro.stanford.edu/icons/compressed.gif]
[micro.stanford.edu/_caiwei/Forum/2005-04-18-NSDD/indexc052.html]
[micro.stanford.edu/icons/text.gif]
[micro.stanford.edu/_caiwei/Forum/2005-04-18-NSDD/README.html]
[micro.stanford.edu/_caiwei/Forum/2005-04-18-NSDD/README.txt]
[micro.stanford.edu/icons/layout.gif]
[micro.stanford.edu/_caiwei/Forum/2005-04-18-NSDD/nonsingular-preprint.pdf]
[micro.stanford.edu/_caiwei/Forum/2005-04-18-NSDD/index.html]
[micro.stanford.edu/_caiwei/Forum/2005-04-18-NSDD/indexf8a0.html]
[micro.stanford.edu/_caiwei/Forum/2005-12-05-DDLab/DDLAB Primer.pdf]
[micro.stanford.edu/_caiwei/Forum/2005-12-05-DDLab/DDLab_shortcourse.pdf]
[micro.stanford.edu/_caiwei/Forum/2005-12-05-DDLab/README.html]
[micro.stanford.edu/_caiwei/Forum/2005-04-18-NSDD/indexbfec.html]
[micro.stanford.edu/_caiwei/Forum/2005-04-18-NSDD/index30b5.html]
[web.stanford.edu/_caiwei/Pictures/at2.jpg]
[micro.stanford.edu/_caiwei/Forum/2005-12-05-DDLab/index.html]
[micro.stanford.edu/_caiwei/Forum/2005-12-05-DDLab/indexc052.html]
[micro.stanford.edu/_caiwei/Forum/2006-05-03-VarCalc/vari_calculus_v04.pdf]
[micro.stanford.edu/_caiwei/Forum/2006-05-03-VarCalc/index.html]
[micro.stanford.edu/_caiwei/Forum/2005-12-05-DDLab/indexf8a0.html]
[micro.stanford.edu/icons/tar.gif]
[micro.stanford.edu/_caiwei/Forum/2005-12-05-DDLab/indexbfec.html]
[micro.stanford.edu/_caiwei/Forum/2005-12-05-DDLab/index30b5.html]
[micro.stanford.edu/icons/folder.gif]
[micro.stanford.edu/_caiwei/Forum/2006-05-03-VarCalc/indexc052.html]
[micro.stanford.edu/_caiwei/Forum/2006-05-03-VarCalc/indexf8a0.html]
[micro.stanford.edu/_caiwei/Forum/2008-07-18-Entangle/Ryu_Cai_Caro_Entangle_v11.pdf]
[micro.stanford.edu/_caiwei/Forum/2006-05-03-VarCalc/indexbfec.html]
[micro.stanford.edu/_caiwei/Forum/2008-07-18-Entangle/readme.txt]
[micro.stanford.edu/_caiwei/Forum/2008-07-18-Entangle/index.html]
[micro.stanford.edu/_caiwei/Forum/2006-05-03-VarCalc/index30b5.html]
[micro.stanford.edu/_caiwei/Forum/2010-04-12-Aniso/README.txt]
[micro.stanford.edu/_caiwei/Forum/2010-04-12-Aniso/Yin_Barnett_Cai_MSMSE_preprint.pdf]
[micro.stanford.edu/_caiwei/Forum/2008-07-18-Entangle/indexc052.html]
[micro.stanford.edu/_caiwei/Forum/2010-04-12-Aniso/index.html]
[micro.stanford.edu/_caiwei/Forum/2008-07-18-Entangle/indexf8a0.html]
[micro.stanford.edu/_caiwei/Forum/2008-07-18-Entangle/indexbfec.html]
[micro.stanford.edu/_caiwei/Forum/2012-04-03-Multipole/README.txt]
[micro.stanford.edu/_caiwei/Forum/2012-04-03-Multipole/Yin_FMM_MSMSE_preprint.pdf]
[micro.stanford.edu/_caiwei/Forum/2012-04-03-Multipole/index.html]
[micro.stanford.edu/_caiwei/Forum/2008-07-18-Entangle/index30b5.html]
[micro.stanford.edu/_caiwei/Forum/2018-02-09-Eshelby-Tensor/Barnett_Cai_JMPS_2018_Eshelby_tensor.pdf]
[micro.stanford.edu/_caiwei/Forum/2018-02-09-Eshelby-Tensor/Eshelby-inclusion-codes.zip]
[micro.stanford.edu/_caiwei/Forum/2018-02-09-Eshelby-Tensor/README.txt]
[micro.stanford.edu/_caiwei/Forum/2018-02-09-Eshelby-Tensor/index.html]
[micro.stanford.edu/_caiwei/Forum/2008-07-18-Entangle/Entangle/index.html]
[micro.stanford.edu/_caiwei/Forum/2004-08-08-MadSum/maddiso.html]
[micro.stanford.edu/_caiwei/Forum/2010-04-12-Aniso/indexc052.html]
[micro.stanford.edu/_caiwei/Forum/2004-08-08-MadSum/maddaniso.html]
[micro.stanford.edu/_caiwei/Forum/2010-04-12-Aniso/indexf8a0.html]
[micro.stanford.edu/_caiwei/Forum/2005-04-18-NSDD/indexc052.html]
[micro.stanford.edu/_caiwei/Forum/2010-04-12-Aniso/indexbfec.html]
[micro.stanford.edu/_caiwei/Forum/2005-04-18-NSDD/indexf8a0.html]
[micro.stanford.edu/_caiwei/Forum/2010-04-12-Aniso/index30b5.html]
[micro.stanford.edu/_caiwei/Forum/2005-04-18-NSDD/indexbfec.html]
[micro.stanford.edu/_caiwei/Forum/2012-04-03-Multipole/indexc052.html]
[micro.stanford.edu/_caiwei/Forum/2005-04-18-NSDD/index30b5.html]
[micro.stanford.edu/_caiwei/Forum/2012-04-03-Multipole/indexf8a0.html]
[micro.stanford.edu/_caiwei/Forum/2005-04-18-NSDD/README.html]
[micro.stanford.edu/_caiwei/Forum/2012-04-03-Multipole/indexbfec.html]
[micro.stanford.edu/_caiwei/Forum/2005-12-05-DDLab/indexc052.html]
[micro.stanford.edu/_caiwei/Forum/2012-04-03-Multipole/index30b5.html]
[micro.stanford.edu/_caiwei/Forum/2005-12-05-DDLab/indexf8a0.html]
[micro.stanford.edu/_caiwei/Forum/2018-02-09-Eshelby-Tensor/indexc052.html]
[micro.stanford.edu/_caiwei/Forum/2005-12-05-DDLab/indexbfec.html]
[micro.stanford.edu/_caiwei/Forum/2018-02-09-Eshelby-Tensor/indexf8a0.html]
[micro.stanford.edu/_caiwei/Forum/2018-02-09-Eshelby-Tensor/indexbfec.html]
[micro.stanford.edu/_caiwei/Forum/2005-12-05-DDLab/index30b5.html]
[micro.stanford.edu/_caiwei/Forum/2018-02-09-Eshelby-Tensor/index30b5.html]
[micro.stanford.edu/_caiwei/Forum/2005-04-18-NSDD/indexb70a.html]
[micro.stanford.edu/_caiwei/Forum/2005-12-05-DDLab/README.html]
[micro.stanford.edu/_caiwei/Forum/2005-04-18-NSDD/index72c9.html]
[micro.stanford.edu/_caiwei/Forum/2005-04-18-NSDD/index5851.html]
[micro.stanford.edu/_caiwei/Forum/2006-05-03-VarCalc/indexc052.html]
[micro.stanford.edu/_caiwei/Forum/2005-04-18-NSDD/indexad3f.html]
[micro.stanford.edu/_caiwei/Forum/2005-12-05-DDLab/indexb70a.html]
[micro.stanford.edu/_caiwei/Forum/2006-05-03-VarCalc/indexf8a0.html]
[micro.stanford.edu/_caiwei/Forum/2005-12-05-DDLab/index72c9.html]
[micro.stanford.edu/_caiwei/Forum/2005-12-05-DDLab/index5851.html]
[micro.stanford.edu/_caiwei/Forum/2006-05-03-VarCalc/indexbfec.html]
[micro.stanford.edu/_caiwei/Forum/2005-12-05-DDLab/indexad3f.html]
[micro.stanford.edu/_caiwei/Forum/2006-05-03-VarCalc/indexb70a.html]
[micro.stanford.edu/_caiwei/Forum/2006-05-03-VarCalc/index30b5.html]
[micro.stanford.edu/_caiwei/Forum/2006-05-03-VarCalc/index72c9.html]
[micro.stanford.edu/_caiwei/Forum/2006-05-03-VarCalc/index5851.html]
[micro.stanford.edu/_caiwei/Forum/2008-07-18-Entangle/indexc052.html]
[micro.stanford.edu/_caiwei/Forum/2006-05-03-VarCalc/indexad3f.html]
[micro.stanford.edu/_caiwei/Forum/2008-07-18-Entangle/indexb70a.html]
[micro.stanford.edu/_caiwei/Forum/2008-07-18-Entangle/indexf8a0.html]
[micro.stanford.edu/_caiwei/Forum/2008-07-18-Entangle/indexbfec.html]
[micro.stanford.edu/_caiwei/Forum/2008-07-18-Entangle/index72c9.html]
[micro.stanford.edu/_caiwei/Forum/2008-07-18-Entangle/index5851.html]
[micro.stanford.edu/_caiwei/Forum/2008-07-18-Entangle/index30b5.html]
[micro.stanford.edu/_caiwei/Forum/2008-07-18-Entangle/indexad3f.html]
[micro.stanford.edu/_caiwei/Forum/2008-07-18-Entangle/Entangle/cgr7.c.txt]
[micro.stanford.edu/_caiwei/Forum/2008-07-18-Entangle/Entangle/indexc052.html]
[micro.stanford.edu/icons/unknown.gif]
[micro.stanford.edu/_caiwei/Forum/2008-07-18-Entangle/Entangle/indexf8a0.html]
[micro.stanford.edu/_caiwei/Forum/2008-07-18-Entangle/Entangle/index30b5.html]
[micro.stanford.edu/_caiwei/Forum/2008-07-18-Entangle/Entangle/indexbfec.html]
[micro.stanford.edu/_caiwei/Forum/2008-07-18-Entangle/Entangle/optdecomp.c.txt]
[micro.stanford.edu/_caiwei/Forum/2008-07-18-Entangle/Entangle/readme.txt]
[micro.stanford.edu/_caiwei/Forum/2008-07-18-Entangle/Entangle/testlapack.c.txt]
[micro.stanford.edu/_caiwei/Forum/2008-07-18-Entangle/Entangle/util.c.txt]
[micro.stanford.edu/_caiwei/Forum/2008-07-18-Entangle/Entangle/index.html]
[micro.stanford.edu/_caiwei/Forum/2010-04-12-Aniso/indexc052.html]
[micro.stanford.edu/_caiwei/Forum/2010-04-12-Aniso/indexf8a0.html]
[micro.stanford.edu/_caiwei/Forum/2008-07-18-Entangle/Entangle/util.h.txt]
[micro.stanford.edu/_caiwei/Forum/2010-04-12-Aniso/indexbfec.html]
[micro.stanford.edu/_caiwei/Forum/2010-04-12-Aniso/indexb70a.html]
[micro.stanford.edu/_caiwei/Forum/2010-04-12-Aniso/index30b5.html]
[micro.stanford.edu/_caiwei/Forum/2010-04-12-Aniso/index72c9.html]
[micro.stanford.edu/_caiwei/Forum/2010-04-12-Aniso/index5851.html]
[micro.stanford.edu/_caiwei/Forum/2010-04-12-Aniso/indexad3f.html]
[micro.stanford.edu/_caiwei/Forum/2012-04-03-Multipole/indexc052.html]
[micro.stanford.edu/_caiwei/Forum/2012-04-03-Multipole/indexf8a0.html]
[micro.stanford.edu/_caiwei/Forum/2012-04-03-Multipole/indexbfec.html]
[micro.stanford.edu/_caiwei/Forum/2012-04-03-Multipole/index72c9.html]
[micro.stanford.edu/_caiwei/Forum/2012-04-03-Multipole/indexb70a.html]
[micro.stanford.edu/_caiwei/Forum/2012-04-03-Multipole/index5851.html]
[micro.stanford.edu/_caiwei/Forum/2012-04-03-Multipole/index30b5.html]
[micro.stanford.edu/_caiwei/Forum/2018-02-09-Eshelby-Tensor/indexc052.html]
[micro.stanford.edu/_caiwei/Forum/2018-02-09-Eshelby-Tensor/indexf8a0.html]
[micro.stanford.edu/_caiwei/Forum/2012-04-03-Multipole/indexad3f.html]
[micro.stanford.edu/_caiwei/Forum/2018-02-09-Eshelby-Tensor/indexb70a.html]
[micro.stanford.edu/_caiwei/Forum/2018-02-09-Eshelby-Tensor/index72c9.html]
[micro.stanford.edu/_caiwei/Forum/2018-02-09-Eshelby-Tensor/indexbfec.html]
[micro.stanford.edu/_caiwei/Forum/2018-02-09-Eshelby-Tensor/index30b5.html]
[micro.stanford.edu/_caiwei/Forum/2005-04-18-NSDD/indexb70a.html]
[micro.stanford.edu/_caiwei/Forum/2005-04-18-NSDD/index72c9.html]
[micro.stanford.edu/_caiwei/Forum/2005-04-18-NSDD/index5851.html]
[micro.stanford.edu/_caiwei/Forum/2005-04-18-NSDD/indexad3f.html]
[micro.stanford.edu/_caiwei/Forum/2005-12-05-DDLab/indexb70a.html]
[micro.stanford.edu/_caiwei/Forum/2005-12-05-DDLab/index72c9.html]
[micro.stanford.edu/_caiwei/Forum/2005-12-05-DDLab/index5851.html]
[micro.stanford.edu/_caiwei/Forum/2005-12-05-DDLab/indexad3f.html]
[micro.stanford.edu/_caiwei/Forum/2006-05-03-VarCalc/indexb70a.html]
[micro.stanford.edu/_caiwei/Forum/2006-05-03-VarCalc/index72c9.html]
[micro.stanford.edu/_caiwei/Forum/2006-05-03-VarCalc/index5851.html]
[micro.stanford.edu/_caiwei/Forum/2006-05-03-VarCalc/indexad3f.html]
[micro.stanford.edu/_caiwei/Forum/2008-07-18-Entangle/indexb70a.html]
[micro.stanford.edu/_caiwei/Forum/2008-07-18-Entangle/index72c9.html]
[micro.stanford.edu/_caiwei/Forum/2008-07-18-Entangle/index5851.html]
[micro.stanford.edu/_caiwei/Forum/2008-07-18-Entangle/indexad3f.html]
[micro.stanford.edu/_caiwei/Forum/2008-07-18-Entangle/Entangle/indexc052.html]
[micro.stanford.edu/_caiwei/Forum/2018-02-09-Eshelby-Tensor/index5851.html]
[micro.stanford.edu/_caiwei/Forum/2018-02-09-Eshelby-Tensor/indexad3f.html]
[micro.stanford.edu/_caiwei/Forum/2008-07-18-Entangle/Entangle/indexb70a.html]
[micro.stanford.edu/_caiwei/Forum/2008-07-18-Entangle/Entangle/indexf8a0.html]
[micro.stanford.edu/_caiwei/Forum/2008-07-18-Entangle/Entangle/indexbfec.html]
[micro.stanford.edu/_caiwei/Forum/2008-07-18-Entangle/Entangle/index30b5.html]
[micro.stanford.edu/_caiwei/Forum/2008-07-18-Entangle/Entangle/index72c9.html]
[micro.stanford.edu/_caiwei/Forum/2008-07-18-Entangle/Entangle/index5851.html]
[micro.stanford.edu/_caiwei/Forum/2008-07-18-Entangle/Entangle/indexad3f.html]
[micro.stanford.edu/_caiwei/Forum/2008-07-18-Entangle/Entangle/makefile.html]
[micro.stanford.edu/_caiwei/Forum/2010-04-12-Aniso/indexb70a.html]
[micro.stanford.edu/_caiwei/Forum/2010-04-12-Aniso/index72c9.html]
[micro.stanford.edu/_caiwei/Forum/2010-04-12-Aniso/index5851.html]
[micro.stanford.edu/_caiwei/Forum/2010-04-12-Aniso/indexad3f.html]
[micro.stanford.edu/_caiwei/Forum/2012-04-03-Multipole/indexb70a.html]
[micro.stanford.edu/_caiwei/Forum/2012-04-03-Multipole/index72c9.html]
[micro.stanford.edu/_caiwei/Forum/2012-04-03-Multipole/index5851.html]
[micro.stanford.edu/_caiwei/Forum/2012-04-03-Multipole/indexad3f.html]
[micro.stanford.edu/_caiwei/Forum/2018-02-09-Eshelby-Tensor/indexb70a.html]
[micro.stanford.edu/_caiwei/Forum/2018-02-09-Eshelby-Tensor/index72c9.html]
[micro.stanford.edu/_caiwei/Forum/2018-02-09-Eshelby-Tensor/index5851.html]
[micro.stanford.edu/_caiwei/Forum/2018-02-09-Eshelby-Tensor/indexad3f.html]
[micro.stanford.edu/_caiwei/Forum/2008-07-18-Entangle/Entangle/indexb70a.html]
[micro.stanford.edu/_caiwei/Forum/2008-07-18-Entangle/Entangle/index72c9.html]
[micro.stanford.edu/_caiwei/Forum/2008-07-18-Entangle/Entangle/index5851.html]
[micro.stanford.edu/_caiwei/Forum/2008-07-18-Entangle/Entangle/indexad3f.html]
[micro.stanford.edu/_caiwei/Forum/2004-12-12-MD++/index.html]
[micro.stanford.edu/_caiwei/Forum/2005-12-05-DDLab/index.html]
[micro.stanford.edu/_caiwei/Forum/2010-04-12-Aniso/index.html]
[micro.stanford.edu/_caiwei/Forum/2012-04-03-Multipole/index.html]
[micro.stanford.edu/_caiwei/Forum/2018-02-09-Eshelby-Tensor/index.html]
[micro.stanford.edu/_caiwei/papers/Barnet_Cai_2018_JMPS.html]
[micro.stanford.edu/_caiwei/Forum/2004-08-08-MadSum/madsum_iso.html]
[micro.stanford.edu/_caiwei/Forum/2004-08-08-MadSum/madsum_aniso.html]
[micro.stanford.edu/_caiwei/Forum/2004-08-08-MadSum/madsum_cubic.html]
[micro.stanford.edu/_caiwei/Forum/2004-08-08-MadSum/sextic.html]
[micro.stanford.edu/_caiwei/Forum/2004-08-08-MadSum/testmadsumiso.html]
[micro.stanford.edu/_caiwei/Forum/2004-08-08-MadSum/testmadsumcubic.html]
[micro.stanford.edu/_caiwei/Forum/2005-04-18-NSDD/indexc052.html]
[micro.stanford.edu/_caiwei/Forum/2005-04-18-NSDD/NSDD.tar.html]
[micro.stanford.edu/_caiwei/Forum/2005-04-18-NSDD/README.html]
[micro.stanford.edu/_caiwei/Forum/2005-12-05-DDLab/indexc052.html]
[micro.stanford.edu/_caiwei/Forum/2005-12-05-DDLab/README.html]
[micro.stanford.edu/_caiwei/Forum/2005-12-05-DDLab/ddlab-2007-12-18.tar.html]
[micro.stanford.edu/_caiwei/Forum/2006-05-03-VarCalc/indexc052.html]
[micro.stanford.edu/_caiwei/Forum/2008-07-18-Entangle/indexc052.html]
[micro.stanford.edu/_caiwei/Forum/2008-07-18-Entangle/Entangle.html]
[micro.stanford.edu/_caiwei/Forum/2010-04-12-Aniso/indexc052.html]
[micro.stanford.edu/_caiwei/Forum/2010-04-12-Aniso/aniso.tar.html]
[micro.stanford.edu/_caiwei/Forum/2012-04-03-Multipole/Aniso-Multipole.tar.html]
[micro.stanford.edu/_caiwei/Forum/2018-02-09-Eshelby-Tensor/indexc052.html]
[micro.stanford.edu/_caiwei/Forum/2005-04-18-NSDD/indexb70a.html]
[micro.stanford.edu/_caiwei/Forum/2010-04-12-Aniso/indexb70a.html]
